// Jest Snapshot v1, https://goo.gl/fbAQLP

exports[`Autocomplete.props.renderInput should be invoked in \`render\` to create the <input> element 1`] = `
Object {
  "aria-autocomplete": "list",
  "aria-controls": "menu-suggestions-id",
  "foo": "bar",
  "onBlur": [Function],
  "onChange": [Function],
  "onClick": [Function],
  "onFocus": [Function],
  "onKeyDown": [Function],
  "ref": Object {
    "current": null,
  },
  "value": "pants",
}
`;

exports[`Autocomplete.props.renderInput should be invoked in \`render\` to create the <input> element 2`] = `
<div
  style={
    Object {
      "display": "inline-block",
    }
  }
>
  <div
    aria-expanded={false}
    aria-haspopup="listbox"
    aria-owns="menu-suggestions-id"
    role="combobox"
  >
    <div>
      <input
        aria-autocomplete="list"
        aria-controls="menu-suggestions-id"
        autoComplete="on"
        foo="bar"
        onBlur={[Function]}
        onChange={[Function]}
        onClick={[Function]}
        onFocus={[Function]}
        onKeyDown={[Function]}
        value="pants"
      />
    </div>
  </div>
  <span
    aria-atomic="true"
    aria-live="assertive"
    aria-relevant="aditions"
    role="status"
    style={
      Object {
        "border": "0",
        "clip": "rect(1px, 1px, 1px, 1px)",
        "height": "1px",
        "overflow": "hidden",
        "padding": "0",
        "position": "absolute",
        "width": "1px",
      }
    }
  />
</div>
`;
