// Jest Snapshot v1, https://goo.gl/fbAQLP

exports[`Autocomplete.props.renderInput should be invoked in \`render\` to create the <input> element 1`] = `
Object {
  "aria-expanded": false,
  "aria-owns": "menu-suggestions-id",
  "foo": "bar",
  "onBlur": [Function],
  "onChange": [Function],
  "onClick": [Function],
  "onFocus": [Function],
  "onKeyDown": [Function],
  "ref": Object {
    "current": null,
  },
  "value": "pants",
}
`;

exports[`Autocomplete.props.renderInput should be invoked in \`render\` to create the <input> element 2`] = `
<div
  style={
    Object {
      "display": "inline-block",
    }
  }
>
  <div>
    <input
      aria-expanded={false}
      aria-owns="menu-suggestions-id"
      autoComplete="on"
      foo="bar"
      onBlur={[Function]}
      onChange={[Function]}
      onClick={[Function]}
      onFocus={[Function]}
      onKeyDown={[Function]}
      value="pants"
    />
  </div>
</div>
`;
